{
    "homo_sapiens illumina test_interop_bcl2fastqstats_flowcell - QC FAIL": {
        "content": [
            {
                "0": [
                    "checkqc_report.json:md5,0f27336ae332afe0791d0d3be0edb976"
                ],
                "1": [
                    "versions.yml:md5,c37381fc450f4ed00da2987430db8177"
                ],
                "report": [
                    "checkqc_report.json:md5,0f27336ae332afe0791d0d3be0edb976"
                ],
                "versions": [
                    "versions.yml:md5,c37381fc450f4ed00da2987430db8177"
                ]
            }
        ],
        "meta": {
            "nf-test": "0.8.4",
            "nextflow": "24.04.3"
        },
        "timestamp": "2024-07-17T17:03:04.717898665"
    },
    "homo_sapiens illumina test_interop_bcl2fastqstats_flowcell - QC OK": {
        "content": [
            {
                "0": [
                    "checkqc_report.json:md5,c69cb912a8c5bf53544764bd5bd73ae5"
                ],
                "1": [
                    "versions.yml:md5,c37381fc450f4ed00da2987430db8177"
                ],
                "report": [
                    "checkqc_report.json:md5,c69cb912a8c5bf53544764bd5bd73ae5"
                ],
                "versions": [
                    "versions.yml:md5,c37381fc450f4ed00da2987430db8177"
                ]
            }
        ],
        "meta": {
            "nf-test": "0.8.4",
            "nextflow": "24.04.3"
        },
        "timestamp": "2024-07-17T17:02:46.252509937"
    }
}